hello like these I'm fine

